[ENT-000] scheduled thread: some 1
[ENT-001] source cap rights before mint: { bits := 7 }
[ENT-002] source path lookup rights: { bits := 7 }
[ENT-003] source path alias lookup rights: { bits := 7 }
[CAT-002] adapter timer success path value: 2
[CAT-003] adapter timer invalid-context branch: SeLe4n.Model.KernelError.illegalState
[CAT-005] adapter timer unsupported branch: SeLe4n.Model.KernelError.notImplemented
[CAT-007] adapter read denied branch: SeLe4n.Model.KernelError.notImplemented
[CAT-010] adapter read success path byte: 0
[CAT-013] vspace lookup mapped paddr: 8192
[CAT-015] vspace lookup after unmap branch: SeLe4n.Model.KernelError.translationFault
[CAT-017] vspace map W^X violation correctly rejected: SeLe4n.Model.KernelError.policyDenied
[CAT-021] vspace lookupFull paddr: 8192, read=true, write=false, exec=false
[CAT-022] vspace mapChecked address out of bounds: SeLe4n.Model.KernelError.addressOutOfBounds
[CAT-025] vspace mapChecked valid address accepted
[CAT-026] TLB flush entry count: 0
[CAT-028] adapter register write success path value: 99
[CAT-029] adapter register write unsupported branch: SeLe4n.Model.KernelError.notImplemented
[SST-001] service lookup svcApi: some { sid := { val := 101 }, backingObject := { val := 1 }, owner := { val := 10 } }
[SST-003] service lookup absent ⟨9998⟩: none
[SST-006] store service entry lookup: some { sid := { val := 200 }, backingObject := { val := 12 }, owner := { val := 10 } }
[SST-008] register dependency result: some [{ val := 100 }]
[SST-009] register self-loop dependency: SeLe4n.Model.KernelError.cyclicDependency
[SST-011] service path svcApi→svcDb: true
[SST-012] service path svcApi→svcDenied: false
[SST-013] service isolation api↔denied: true
[SST-014] service isolation api↔db: false
[SST-019] service lookup missing-backing: some { sid := { val := 106 }, backingObject := { val := 9999 }, owner := { val := 10 } }
[SST-020] service lookup svcBroken deps: some [{ val := 999 }]
[SRG-001] register service success: true
[SRG-002] duplicate register: SeLe4n.Model.KernelError.illegalState
[SRG-005] revoke service success: true
[SRG-007] lookup by cap found sid: 501
[SRG-008] lookup non-matching: SeLe4n.Model.KernelError.objectNotFound
[SRG-003] unknown interface: SeLe4n.Model.KernelError.objectNotFound
[SRG-004] invalid endpoint: SeLe4n.Model.KernelError.invalidCapability
[SRG-006] revoke non-existent: SeLe4n.Model.KernelError.objectNotFound
[SRG-009] chain success: iface=true svc=true
[SRG-010] cycle detection: SeLe4n.Model.KernelError.cyclicDependency
[SST-021] deep cnode radix fixture: some 12
[SST-023] deep cnode path lookup rights: { bits := 3 }
[SST-024] deep cnode path bad-depth branch: SeLe4n.Model.KernelError.illegalState
[SST-026] deep cnode path guard-mismatch branch: SeLe4n.Model.KernelError.invalidCapability
[SST-028] large runnable queue length: 2
[SST-030] large queue scheduled current: some 1
[SST-032] context switch regs match incoming: true
[SST-037] multi-endpoint receive senders: 1, 12
[SST-038] service dependency chain path chainTop→chainRoot: true
[SST-039] service dependency chain lookup chainTop: some [{ val := 201 }]
[SST-041] boundary memory low-address byte: 0
[SST-043] boundary memory high-address byte: 0
[LEP-001] lifecycle retype unauthorized branch: SeLe4n.Model.KernelError.illegalAuthority
[LEP-003] lifecycle retype illegal-state branch: SeLe4n.Model.KernelError.illegalState
[LEP-006] lifecycle retype success object kind: some (SeLe4n.Model.KernelObjectType.endpoint)
[LEP-008] lifecycle retype-with-cleanup old tid removed: true
[LEP-011] created sibling cap with the same target
[LEP-012] composed transition alias guard (expected error): SeLe4n.Model.KernelError.illegalState
[LEP-014] composed transition unauthorized branch: SeLe4n.Model.KernelError.illegalAuthority
[LEP-017] composed revoke/delete/retype success
[LEP-018] post-revoke sibling lookup: SeLe4n.Model.KernelError.invalidCapability
[LEP-020] post-delete lookup (expected error): SeLe4n.Model.KernelError.invalidCapability
[LEP-024] handshake send matched waiting receiver
[LEP-026] queued sender on endpoint
[LEP-028] endpoint receive #1 sender: 1
[LEP-030] notification wait #1 result: none
[LEP-034] notification wait #2 result: some { val := 123 }
[LEP-036] minted cap rights: { bits := 1 }
[CIC-001] H-02 occupied slot guard: SeLe4n.Model.KernelError.targetSlotOccupied
[CIC-005] cspaceCopy target matches: true
[CIC-007] dual-queue sender blocked on sendQ non-empty: true
[CIC-010] endpointReply unblocked target: true
[IMT-002] message sender has pending: true
[IMT-004] message transfer registers: [42, 7]
[IMT-005] message transfer badge: some { val := 123 }
[IMT-006] message sender cleared after transfer: true
[IMT-009] rendezvous delivery registers: [99]
[IMT-012] call/reply caller blocked: true
[IMT-014] call/reply response registers: [100, 200]
[IMT-016] H1 caller blockedOnCall: true
[IMT-018] H1 caller blockedOnReply after dequeue: true
[IMT-019] H1 caller not ready after dequeue: true
[IMT-021] H1 caller ready after reply: true
[IMT-024] H1 unauthorized reply rejected: true
[IMB-001] H12d oversized registers rejected: true
[IMB-004] H12d oversized caps rejected: true
[IMB-008] H12d boundary message accepted: true
[IMB-009] H12d call oversized rejected: true
[IMB-012] H12d reply oversized rejected: true
[DDT-002] H12f dequeue-on-dispatch current: some 1
[DDT-003] H12f dispatched thread absent from runQueue: true
[DDT-004] H12f non-dispatched thread in runQueue: true
[DDT-006] H12f preempted thread back in runQueue: true
[DDT-007] H12f preemption new current: some 1
[ICS-002] H12f context switch regs match incoming: true
[ICS-003] H12f outgoing context saved: true
[ICS-004] H12f context switch new current: some 12
[BME-002] H12f empty message accepted: true
[BME-004] H12f sub-boundary message accepted: true
[BME-006] H12f max caps message accepted: true
[STD-002] EDF tie-break chosen thread: some 12
[STD-004] timer tick remaining slice: 1
[STD-007] timer tick expiry rescheduled current: some 1
[STD-008] timer tick expiry reset slice: 5
[STD-011] domain switch active domain: 1
[STD-012] domain switch time remaining: 5
[UMT-002] retype-from-untyped success object kind: some (SeLe4n.Model.KernelObjectType.endpoint)
[UMT-003] untyped watermark after retype: 64
[UMT-004] untyped children count: 1
[UMT-007] untyped watermark after second retype: 1088
[UMT-009] retype-from-untyped type-mismatch branch: SeLe4n.Model.KernelError.untypedTypeMismatch
[UMT-011] retype-from-untyped region-exhausted branch: SeLe4n.Model.KernelError.untypedRegionExhausted
[UMT-013] retype-from-untyped not-found branch: SeLe4n.Model.KernelError.objectNotFound
[UMT-015] retype-from-untyped device-restriction branch: SeLe4n.Model.KernelError.untypedDeviceRestriction
[UMT-017] retype-from-untyped wrong-authority branch: SeLe4n.Model.KernelError.illegalAuthority
[UMT-019] retype-from-untyped alloc-size-too-small branch: SeLe4n.Model.KernelError.untypedAllocSizeTooSmall
[UMT-021] retype-from-untyped childId self-overwrite guard: SeLe4n.Model.KernelError.childIdSelfOverwrite
[UMT-023] retype-from-untyped childId collision guard: SeLe4n.Model.KernelError.childIdCollision
[SGT-001] H15e syscall gate send (correct): ok
[SGT-004] H15e syscall gate send (bad root): SeLe4n.Model.KernelError.objectNotFound
[SGT-006] H15e syscall gate send (insufficient rights): SeLe4n.Model.KernelError.illegalAuthority
[SGT-008] H15e syscall gate send (missing cap): SeLe4n.Model.KernelError.invalidCapability
[SGT-010] H15e syscall gate retype: SeLe4n.Model.KernelError.objectNotFound
[RCF-001] F7 timerOnly timer success: 3
[RCF-003] F7 timerOnly register denied: SeLe4n.Model.KernelError.notImplemented
[RCF-005] F7 timerOnly memory denied: SeLe4n.Model.KernelError.notImplemented
[RCF-007] F7 readOnlyMemory memory success: 0
[RCF-009] F7 readOnlyMemory timer denied: SeLe4n.Model.KernelError.notImplemented
[RCF-011] F7 readOnlyMemory register denied: SeLe4n.Model.KernelError.notImplemented
[RDT-002] register decode success: syscall=SeLe4n.Model.SyscallId.send, capAddr=0, msgRegs=4
[RDT-003] syscallEntry send success, endpoint has sender: true
[RDT-006] syscallEntry invalid syscall decode error: SeLe4n.Model.KernelError.invalidSyscallNumber
[RDT-008] syscallEntry malformed msgInfo decode error: SeLe4n.Model.KernelError.invalidMessageInfo
[RDT-010] syscallEntry out-of-bounds layout error: SeLe4n.Model.KernelError.invalidRegister
[KSD-001] cspaceMint via decoded regs destination populated: true
[KSD-002] cspaceCopy via decoded regs target matches: true
[KSD-003] cspaceDelete via decoded regs slot cleared: true
[KSD-004] lifecycle retype via decoded regs new type: some (SeLe4n.Model.KernelObjectType.notification)
[KSD-005] vspaceMap via decoded regs paddr: 8192
[KSD-006] service registry lookup present: true
[KSD-007] IPC message body from registers: #[111, 222, 333, 444]
[KSD-008] round-trip decode msgRegs.size=4 first=10
[PIP-001] A2 register decode correct (send, cap=0, msgRegs=4): true
[PIP-002] A3 send msgInfo.length=2: true
[PIP-003] A3 send first msgReg=42: true
[PIP-004] A4 syscallEntryChecked send success, endpoint has sender: true
[PIP-005] A5 post-dispatch invariants preserved (25 checks)
[PIP-006] A6 trace equivalence: objects=true scheduler=true
[MOV-001] cspaceMove decode ok: src=slot0 dst=slot2
[MOV-002] cspaceMove source empty: true
[MOV-003] cspaceMove dest populated: true
[MOV-004] cspaceMove dest targets endpoint: true
[RRC-001] replyRecv caller state after receive: blockedOnReply
[RRC-003] replyRecv caller unblocked: true
[RRC-004] replyRecv caller reply registers: some [100, 200, 300]
[RRC-002] replyRecv callerB state after rendezvous: blockedOnReply
[RRC-005] replyRecv server ready after rendezvous: true
[RRC-006] replyRecv server received callerB registers: some [70, 80, 90]
[ELC-001] lifecycle senders blocked: true
[ELC-002] lifecycle retype-delete succeeded: true
[ELC-003] lifecycle senders retain stale blocked state: true
[ELC-004] lifecycle stale endpoint send rejected (invalidCapability): true
[MEI-001] multi-ep recv1 registers: some [11, 22]
[MEI-002] multi-ep recv2 registers: some [33, 44]
[MEI-003] multi-ep endpoint1 queues empty: true
[MEI-004] multi-ep ep3 out-of-order recv registers: some [55, 66]
[MEI-005] multi-ep ep1 FIFO second recv registers: some [77, 88]
[MEI-006] multi-ep all 3 endpoints drained: true
[SCO-001] validateSchedContextParams valid: Except.ok ()
[SCO-002] validateSchedContextParams zero-period: Except.error (SeLe4n.Model.KernelError.invalidArgument)
[SCO-003] validateSchedContextParams budget>period: Except.error (SeLe4n.Model.KernelError.invalidArgument)
[SCO-004] validateSchedContextParams priority>max: Except.error (SeLe4n.Model.KernelError.invalidArgument)
[SCO-005] validateSchedContextParams domain>=16: Except.error (SeLe4n.Model.KernelError.invalidArgument)
[SCO-006] schedContextConfigure success budget=100 period=1000
[SCO-007] schedContextBind success: sc.boundThread=true tcb.bound=true
[SCO-008] schedContextBind already-bound: SeLe4n.Model.KernelError.illegalState
[SCO-009] schedContextUnbind success: sc.cleared=true tcb.unbound=true
[SCO-010] schedContextUnbind not-bound: SeLe4n.Model.KernelError.illegalState
[SCO-011] schedContextYieldTo from=0 target=180
[SCO-012] admission without-exclude=true with-exclude=true
[SCO-013] schedContextBind runqueue-reinsert: inQueue=true prio=200
[SCO-014] schedContextUnbind current-thread: current_cleared=true
[SCO-015] schedContextUnbind runqueue-removal: removed=true
[SCO-016] schedContextYieldTo starved-enqueue: enqueued=true budget=100
[SCO-017] admission-failure: admitted=false
[SCO-018] schedContextBind tcb-already-bound: SeLe4n.Model.KernelError.illegalState
[SCO-019] schedContextYieldTo no-bound-thread: rq_still_empty=true
[SCO-020] endpointQueueRemove head: newHead=tid2:true newTail=tid2:true
[SCO-021] endpointQueueRemove not-found: SeLe4n.Model.KernelError.objectNotFound
[SCO-022] endpointQueueRemove no-endpoint: SeLe4n.Model.KernelError.objectNotFound
[SCO-023] timeoutThread blocked: ready=true threadReady=true budgetCleared=true errCode=true linksCleared=true
[SCO-024] timeoutThread not-found: SeLe4n.Model.KernelError.objectNotFound
[SCO-025] timeoutThread re-enqueue: in_runQueue=true
[SCO-026] endpointQueueRemove non-endpoint: SeLe4n.Model.KernelError.invalidCapability
[SCO-027] timeoutBlockedThreads: tid1_timed_out=true
[SCO-028] timeoutBlockedThreads non-matching: still_blocked=true
[SCO-029] timeoutAwareReceive timeout-detect: timedOut=true
[SCO-030] timeoutAwareReceive normal: completed=true
[SCO-031] endpointQueueRemove tail: head=tid1:true tail=tid1:true
[SCO-032] endpointQueueRemove mid: head=tid1:true tail=tid3:true tid1.next=tid3:true tid3.prev=tid1:true
[SCO-033] endpointQueueRemove receiveQ: head=tid2:true sendQ_unchanged:true
[SCO-034] timeoutThread blockedOnCall: ready=true errCode=true
[SCO-035] timeoutBlockedThreads multi: tid1_ready=true tid2_ready=true
[Z7D-001] donateSchedContext: server_bound=true sc_points_server=true
[Z7D-002] returnDonatedSchedContext: server_unbound=true caller_rebound=true sc_points_caller=true
[Z7D-003] applyCallDonation passive: server_got_sc=true
[Z7D-004] applyCallDonation active-server: scheduler_unchanged=true
[Z7D-005] applyReplyDonation: caller_got_back=true server_passive=true
[Z7D-006] applyReplyDonation non-donated: unchanged=true
[Z7D-007] cleanupDonatedSchedContext: caller_recovered=true
[Z7D-008] cleanupPreReceiveDonation: caller_back=true
[Z8J-001] SchedContext create+configure: budget=5 period=100 remaining=5
[Z8J-002] SchedContext bind: bound=true
[Z8J-003] budget after 1 tick: remaining=4 preempted=false
[Z8J-004] budget after 4 ticks: remaining=1 preempted=false
[Z8J-005] budget exhausted: remaining=0 preempted=true
[Z8J-006] after replenishment: remaining=1 restored=true
[ITR-001] inter-transition invariant checks: 38 passed
[PTY-001] parameterized topology ok: minimal (threads=1 prio=50 radix=4 asids=1 svcs=1)
[PTY-001] parameterized topology ok: medium (threads=4 prio=10 radix=8 asids=2 svcs=2)
[PTY-001] parameterized topology ok: large (threads=8 prio=100 radix=16 asids=4 svcs=4)
[XVAL-001] MessageInfo roundtrip ok: encoded=2386218 length=42 extraCaps=2 label=4660
[XVAL-002] SyscallId roundtrip ok: all 25 variants
[XVAL-003] CSpaceMintArgs roundtrip ok: regs=#[{ val := 10 }, { val := 20 }, { val := 7 }, { val := 999 }]
[XVAL-004] MessageInfo bit layout ok: len=42 caps=384 label=2560
