[smp-information-flow] fixture: 4 cores, 10 objects, 3 clearances
[smp-information-flow] visible objects at low/mid/high: 6/7/10
[smp-information-flow] core 0 low view: current=(some 1010) runnable=[1012] activeDomain=0 timeRemaining=5 scheduleIndex=0 regsVisible=true
[smp-information-flow] core 1 low view: current=none runnable=[] activeDomain=0 timeRemaining=5 scheduleIndex=0 regsVisible=false
[smp-information-flow] core 2 low view: current=none runnable=[] activeDomain=0 timeRemaining=5 scheduleIndex=0 regsVisible=false
[smp-information-flow] core 3 low view: current=none runnable=[] activeDomain=0 timeRemaining=5 scheduleIndex=0 regsVisible=false
[smp-information-flow] shared fragment is core-independent: true, per-core fragment differs across cores: true
[smp-information-flow] CNode low-target slot visible at low/mid/high: true/true/true; high-target slot: false/false/true
[smp-information-flow] a write to core 0's current slot is invisible at cores: [1, 2, 3]
[smp-information-flow] signal on a high notification: low reads the same badge on every core true, per-core slots unchanged true
[smp-information-flow] signal on a low notification: low reads the same badge on every core false (expected false)
[smp-information-flow] remote wake of a visible thread: home core 2, confined there true, deschedule dual confined true
[smp-information-flow] rendezvous call write set: [2, 0], send write set: [2]
[smp-information-flow] lock acquired on an object low can see: raw writer true, projected unheld on every core true
[smp-information-flow] non-interference coverage: 35 per-core lifts, 31 with derived confinement, 4 catch-all
[smp-information-flow] cross-core inventory: 29 transitions, 22 live arms, 23 remote writers
[smp-information-flow] enforcement boundary: canonical 43 = 13 policy-gated + 26 capability-only + 4 read-only
[smp-information-flow] enforcement boundary: per-core 58 = canonical + 15 cross-core wrappers; re-routed syscalls 15
[smp-information-flow] channel 1 (scheduling state): severity=medium modelVisible=true perCoreInstance=true
[smp-information-flow] channel 2 (machine timer): severity=medium modelVisible=false perCoreInstance=true
[smp-information-flow] channel 3 (TCB metadata): severity=low modelVisible=true perCoreInstance=false
[smp-information-flow] channel 4 (object store metadata): severity=low modelVisible=true perCoreInstance=false
[smp-information-flow] channel 5 (lock-contention timing): severity=medium modelVisible=false perCoreInstance=true
[smp-information-flow] channel 6 (per-core TLB residency): severity=medium modelVisible=false perCoreInstance=true
[smp-information-flow] channel 7 (per-core instruction-cache residency): severity=medium modelVisible=false perCoreInstance=true
[smp-information-flow] channel 8 (audit-trail occupancy): severity=low modelVisible=true perCoreInstance=false
[smp-information-flow] channels: 8 accepted, 4 model-visible, 5 per-core
[smp-information-flow] audit view: trail 3 entries, monitor sees 3, partial reader sees 2
[smp-information-flow] audit timestamp of view index 1: monitor=2 partial=1
[smp-information-flow] audit status word: monitor=len=3 gen=0 partial=len=2 gen=0
[smp-information-flow] audit chunk protocol: modulus=4294967296 maxChunks=4 chunks(0)=(some 1) chunks(2^96)=(some 4) chunks(2^128)=none
[smp-information-flow] audit drain by monitor: remaining=0 epoch=3; by partial reader: error=SeLe4n.Model.KernelError.illegalAuthority
[smp-information-flow] audit gate unconfigured: authorized=false read=SeLe4n.Model.KernelError.illegalAuthority drain=SeLe4n.Model.KernelError.illegalAuthority
[smp-information-flow] audit live partial reader (round 6): read=SeLe4n.Model.KernelError.illegalAuthority model view len=2
[smp-information-flow] audit ABI: auditRead=31 auditDrain=32 syscalls=34 opcodes=27 readableStructures=2
[smp-information-flow] refusal ledger: ring=32 ceiling=65535 bootAttempts=0 bootVersion=0
[smp-information-flow] refusal seam: recordingSyscalls=2 declassify=SeLe4n.Kernel.RefusalSeamClass.records send=SeLe4n.Kernel.RefusalSeamClass.exempt
[smp-information-flow] refusal write: attempts=1 version=1 trailMoved=false exemptRecorded=false
[smp-information-flow] refusal read (monitor): status=slot1/v1 counters=1/0
[smp-information-flow] refusal read (partial): status=SeLe4n.Model.KernelError.illegalAuthority tags=SeLe4n.Model.KernelError.illegalAuthority
[smp-information-flow] declassifying signal: hops=2 actorDomain=2 notificationDomain=1 receiverDomain=0
[smp-information-flow] declassifying signal footprint: notification=1016 receiver=1021 cores=[2]
[smp-information-flow] declassifying signal run: ok records=2 receiverGateDenied=SeLe4n.Model.KernelError.declassificationDeniedAtReceiver unconfigured=SeLe4n.Model.KernelError.declassificationDenied
[smp-information-flow] declassifying signal ABI: id=33 right=SeLe4n.Model.AccessRight.write shape=SeLe4n.Kernel.Architecture.ReturnShape.unit receiverRefusal=56
[smp-information-flow] declassifying signal failed hop: reason=56 recordedReceiver=1021 receiverOpcodes=25/26
