# syscall return shapes: <id> <shape> (Lean/Rust cross-check)
count 35
0 unit
1 message
2 message
3 unit
4 unit
5 unit
6 unit
7 unit
8 unit
9 unit
10 unit
11 unit
12 unit
13 word
14 unit
15 badge
16 message
17 unit
18 unit
19 unit
20 unit
21 unit
22 unit
23 unit
24 unit
25 unit
26 unit
27 unit
28 unit
29 unit
30 unit
31 word
32 word
33 unit
34 unit
